ASxxxx Linker V03.00 + NoICE + sdld,  page 1.
Hexadecimal  [32-Bits]

Area                                    Addr        Size        Decimal Bytes (Attributes)
--------------------------------        ----        ----        ------- ----- ------------
.  .ABS.                            00000000    00000000 =           0. bytes (ABS,CON)

      Value  Global                              Global Defined In Module
      -----  --------------------------------   ------------------------
     00000000  .__.ABS.                           
     00000000  l__BSEG                         
     00000000  l__BSS                          
     00000000  l__CABS                         
     00000000  l__DABS                         
     00000000  l__HEADER                       
     00000000  l__HEAP                         
     00000000  l__HOME                         
     00000000  s__CABS                         
     00000000  s__DABS                         
     00000000  s__HEADER                       
     00000000  s__HEADER0                      
     00000000  s__HEADER1                      
     00000000  s__HEADER2                      
     00000000  s__HEADER3                      
     00000000  s__HEADER4                      
     00000000  s__HEADER5                      
     00000000  s__HEADER6                      
     00000000  s__HEADER7                      
     00000000  s__HEADER8                      
     00000001  l__GSFINAL                      
     00000002  l__HEADER1                      
     00000002  l__HEADER2                      
     00000002  l__HEADER3                      
     00000002  l__HEADER4                      
     00000002  l__HEADER5                      
     00000002  l__HEADER6                      
     00000002  l__HEADER7                      
     00000003  l__HEADER0                      
     00000005  l__INITIALIZED                  
     00000005  l__INITIALIZER                  
     00000009  l__HEADER8                      
     0000000F  l__GSINIT                       
     00000200  s__CODE                         
     00000400  l__DATA                         
     00000500  l__CODE                         
     00000700  s__HOME                         
     00000700  s__INITIALIZER                  
     00000705  s__GSINIT                       
     00000714  s__GSFINAL                      
     00008000  s__DATA                         
     00008400  s__INITIALIZED                  
     00008405  s__BSEG                         
     00008405  s__BSS                          
     00008405  s__HEAP                         
ASxxxx Linker V03.00 + NoICE + sdld,  page 2.
Hexadecimal  [32-Bits]

Area                                    Addr        Size        Decimal Bytes (Attributes)
--------------------------------        ----        ----        ------- ----- ------------
_CODE                               00000200    00000500 =        1280. bytes (REL,CON)

      Value  Global                              Global Defined In Module
      -----  --------------------------------   ------------------------
     00000200  __clock                            crt0
     00000204  _exit                              crt0
     0000020D  _main                              main
     0000020D  _main_start                        main
     0000022C  _main_end                          main
     0000023F  _out                               io
     0000023F  _out_start                         io
     00000246  _out_array                         io
     00000246  _out_array_start                   io
     00000246  _out_end                           io
     00000288  _out_array_end                     io
     00000288  _port_out                          io
     00000288  _port_out_start                    io
     0000028B  _port_out_array                    io
     0000028B  _port_out_array_start              io
     0000028B  _port_out_end                      io
     000002BE  _port_in                           io
     000002BE  _port_in_start                     io
     000002BE  _port_out_array_end                io
     000002C5  _port_in_array                     io
     000002C5  _port_in_array_start               io
     000002C5  _port_in_end                       io
     000002C9  _port_in_array_end                 io
     000002CA  _lcd_print_char                    lcd
     000002CA  _lcd_print_char_start              lcd
     000002D7  _lcd_print_char_end                lcd
     000002D7  _lcd_print_str                     lcd
     000002D7  _lcd_print_str_start               lcd
     000002EC  _lcd_clrscr                        lcd
     000002EC  _lcd_clrscr_start                  lcd
     000002EC  _lcd_print_str_end                 lcd
     000002ED  _lcd_clrscr_end                    lcd
     000002ED  _uart_read_char                    uart
     000002ED  _uart_read_char_start              uart
     000002FA  _uart_read_char_end                uart
     000002FA  _uart_read_str                     uart
     000002FA  _uart_read_str_start               uart
     000002FE  _uart_read_str_end                 uart
     000002FF  _uart_print_char                   uart
     000002FF  _uart_print_char_start             uart
     0000030E  _uart_print_char_end               uart
     0000030E  _uart_print_str                    uart
     0000030E  _uart_print_str_start              uart
     00000324  _uart_flush                        uart
     00000324  _uart_flush_start                  uart
     00000324  _uart_print_str_end                uart
     0000032D  _uart_clrscr                       uart
     0000032D  _uart_clrscr_start                 uart
     0000032D  _uart_flush_end                    uart
     0000032E  _uart_begin                        uart
ASxxxx Linker V03.00 + NoICE + sdld,  page 3.
Hexadecimal  [32-Bits]

Area                                    Addr        Size        Decimal Bytes (Attributes)
--------------------------------        ----        ----        ------- ----- ------------
_CODE                               00000200    00000500 =        1280. bytes (REL,CON)

      Value  Global                              Global Defined In Module
      -----  --------------------------------   ------------------------
     0000032E  _uart_begin_start                  uart
     0000032E  _uart_clrscr_end                   uart
     00000337  _uart_begin_end                    uart
     00000337  _uart_end                          uart
     00000337  _uart_end_start                    uart
     0000033F  _find_free_block                   alloc
     0000033F  _find_free_block_start             alloc
     0000033F  _uart_end_end                      uart
     0000037F  _find_free_block_end               alloc
     0000037F  _request_space                     alloc
     0000037F  _request_space_start               alloc
     000003D8  _malloc                            alloc
     000003D8  _malloc_start                      alloc
     000003D8  _request_space_end                 alloc
     00000470  _get_block_ptr                     alloc
     00000470  _get_block_ptr_start               alloc
     00000470  _malloc_end                        alloc
     0000047F  _free                              alloc
     0000047F  _free_start                        alloc
     0000047F  _get_block_ptr_end                 alloc
     000004A1  _free_end                          alloc
     000004A1  _sbrk                              heap
     000004A1  _sbrk_start                        heap
     000004C6  _memcpy                            memcpy
     000004C6  _memcpy_start                      memcpy
     000004C6  _sbrk_end                          heap
     00000508  _memcpy_end                        memcpy
     00000508  _printf                            printf
     00000508  _printf_start                      printf
     0000050B  _lprintf                           printf
     0000050B  _lprintf_start                     printf
     0000050B  _printf_end                        printf
     0000050E  _lprintf_end                       printf
     0000050E  _puts                              printf
     0000050E  _puts_start                        printf
     00000518  _puts_end                          printf
     00000518  _putsln                            printf
     00000518  _putsln_start                      printf
     0000052F  _putc                              printf
     0000052F  _putc_start                        printf
     0000052F  _putsln_end                        printf
     00000540  _putc_end                          printf
     00000540  _putcln                            printf
     00000540  _putcln_start                      printf
     00000559  _lputs                             printf
     00000559  _lputs_start                       printf
     00000559  _putcln_end                        printf
     00000563  _lputs_end                         printf
     00000563  _lputsln                           printf
     00000563  _lputsln_start                     printf
     00000574  _lputc                             printf
ASxxxx Linker V03.00 + NoICE + sdld,  page 4.
Hexadecimal  [32-Bits]

Area                                    Addr        Size        Decimal Bytes (Attributes)
--------------------------------        ----        ----        ------- ----- ------------
_CODE                               00000200    00000500 =        1280. bytes (REL,CON)

      Value  Global                              Global Defined In Module
      -----  --------------------------------   ------------------------
     00000574  _lputc_start                       printf
     00000574  _lputsln_end                       printf
     00000580  _lputc_end                         printf
     00000580  _lputcln                           printf
     00000580  _lputcln_start                     printf
     00000594  _div                               div
     00000594  _div_start                         div
     00000594  _lputcln_end                       printf
     000005AB  _div_end                           div
     000005AB  _strlen                            string
     000005AB  _strlen_start                      string
     000005B6  _strcpy                            string
     000005B6  _strcpy_start                      string
     000005B6  _strlen_end                        string
     000005CD  _strcat                            string
     000005CD  _strcat_start                      string
     000005CD  _strcpy_end                        string
     000005ED  _itos                              string
     000005ED  _itos_start                        string
     000005ED  _strcat_end                        string
     0000063C  _itoc                              string
     0000063C  _itoc_start                        string
     0000063C  _itos_end                          string
     0000064F  _init_pio                          system
     0000064F  _init_pio_start                    system
     0000064F  _itoc_end                          string
     00000654  _init_lcd                          system
     00000654  _init_lcd_start                    system
     00000654  _init_pio_end                      system
     0000065D  _init_io                           system
     0000065D  _init_io_start                     system
     0000065D  _init_lcd_end                      system
     00000663  _init                              system
     00000663  _init_io_end                       system
     00000663  _init_start                        system
     0000066B  _clock_throttle                    system
     0000066B  _clock_throttle_start              system
     0000066B  _init_end                          system
     00000678  _clock_throttle_end                system
     00000678  _delay_ms                          system
     00000678  _delay_ms_start                    system
     0000068A  _delay_ms_end                      system
     0000068A  _delay_sec                         system
     0000068A  _delay_sec_start                   system
     000006A6  _delay_sec_end                     system
     000006A6  _end                               system
     000006A6  _end_start                         system
     000006A8  __moduchar_rrx_s                   
     000006A8  _end_end                           system
     000006AF  __moduchar_rrx_hds                 
     000006B4  __moduint_rrx_s                    
ASxxxx Linker V03.00 + NoICE + sdld,  page 5.
Hexadecimal  [32-Bits]

Area                                    Addr        Size        Decimal Bytes (Attributes)
--------------------------------        ----        ----        ------- ----- ------------
_CODE                               00000200    00000500 =        1280. bytes (REL,CON)

      Value  Global                              Global Defined In Module
      -----  --------------------------------   ------------------------
     000006BA  __moduint_rrx_hds                  
     000006BF  __divuint_rrx_s                    
     000006C7  __divuchar_rrx_s                   
     000006CE  __divu8                            
     000006CE  __divuchar_rrx_hds                 
     000006D1  __divu16                           
     000006D1  __divuint_rrx_hds                  
ASxxxx Linker V03.00 + NoICE + sdld,  page 6.
Hexadecimal  [32-Bits]

Area                                    Addr        Size        Decimal Bytes (Attributes)
--------------------------------        ----        ----        ------- ----- ------------
_HEADER0                            00000000    00000003 =           3. bytes (ABS,CON)

      Value  Global                              Global Defined In Module
      -----  --------------------------------   ------------------------
ASxxxx Linker V03.00 + NoICE + sdld,  page 7.
Hexadecimal  [32-Bits]

Area                                    Addr        Size        Decimal Bytes (Attributes)
--------------------------------        ----        ----        ------- ----- ------------
_HEADER1                            00000000    00000002 =           2. bytes (ABS,CON)

      Value  Global                              Global Defined In Module
      -----  --------------------------------   ------------------------
ASxxxx Linker V03.00 + NoICE + sdld,  page 8.
Hexadecimal  [32-Bits]

Area                                    Addr        Size        Decimal Bytes (Attributes)
--------------------------------        ----        ----        ------- ----- ------------
_HEADER2                            00000000    00000002 =           2. bytes (ABS,CON)

      Value  Global                              Global Defined In Module
      -----  --------------------------------   ------------------------
ASxxxx Linker V03.00 + NoICE + sdld,  page 9.
Hexadecimal  [32-Bits]

Area                                    Addr        Size        Decimal Bytes (Attributes)
--------------------------------        ----        ----        ------- ----- ------------
_HEADER3                            00000000    00000002 =           2. bytes (ABS,CON)

      Value  Global                              Global Defined In Module
      -----  --------------------------------   ------------------------
ASxxxx Linker V03.00 + NoICE + sdld,  page 10.
Hexadecimal  [32-Bits]

Area                                    Addr        Size        Decimal Bytes (Attributes)
--------------------------------        ----        ----        ------- ----- ------------
_HEADER4                            00000000    00000002 =           2. bytes (ABS,CON)

      Value  Global                              Global Defined In Module
      -----  --------------------------------   ------------------------
ASxxxx Linker V03.00 + NoICE + sdld,  page 11.
Hexadecimal  [32-Bits]

Area                                    Addr        Size        Decimal Bytes (Attributes)
--------------------------------        ----        ----        ------- ----- ------------
_HEADER5                            00000000    00000002 =           2. bytes (ABS,CON)

      Value  Global                              Global Defined In Module
      -----  --------------------------------   ------------------------
ASxxxx Linker V03.00 + NoICE + sdld,  page 12.
Hexadecimal  [32-Bits]

Area                                    Addr        Size        Decimal Bytes (Attributes)
--------------------------------        ----        ----        ------- ----- ------------
_HEADER6                            00000000    00000002 =           2. bytes (ABS,CON)

      Value  Global                              Global Defined In Module
      -----  --------------------------------   ------------------------
ASxxxx Linker V03.00 + NoICE + sdld,  page 13.
Hexadecimal  [32-Bits]

Area                                    Addr        Size        Decimal Bytes (Attributes)
--------------------------------        ----        ----        ------- ----- ------------
_HEADER7                            00000000    00000002 =           2. bytes (ABS,CON)

      Value  Global                              Global Defined In Module
      -----  --------------------------------   ------------------------
ASxxxx Linker V03.00 + NoICE + sdld,  page 14.
Hexadecimal  [32-Bits]

Area                                    Addr        Size        Decimal Bytes (Attributes)
--------------------------------        ----        ----        ------- ----- ------------
_HEADER8                            00000000    00000009 =           9. bytes (ABS,CON)

      Value  Global                              Global Defined In Module
      -----  --------------------------------   ------------------------
ASxxxx Linker V03.00 + NoICE + sdld,  page 15.
Hexadecimal  [32-Bits]

Area                                    Addr        Size        Decimal Bytes (Attributes)
--------------------------------        ----        ----        ------- ----- ------------
_INITIALIZER                        00000700    00000005 =           5. bytes (REL,CON)

      Value  Global                              Global Defined In Module
      -----  --------------------------------   ------------------------
ASxxxx Linker V03.00 + NoICE + sdld,  page 16.
Hexadecimal  [32-Bits]

Area                                    Addr        Size        Decimal Bytes (Attributes)
--------------------------------        ----        ----        ------- ----- ------------
_GSINIT                             00000705    0000000F =          15. bytes (REL,CON)

      Value  Global                              Global Defined In Module
      -----  --------------------------------   ------------------------
     00000705  gsinit                             crt0

ASxxxx Linker V03.00 + NoICE + sdld,  page 17.
Hexadecimal  [32-Bits]

Area                                    Addr        Size        Decimal Bytes (Attributes)
--------------------------------        ----        ----        ------- ----- ------------
_GSFINAL                            00000714    00000001 =           1. bytes (REL,CON)

      Value  Global                              Global Defined In Module
      -----  --------------------------------   ------------------------
ASxxxx Linker V03.00 + NoICE + sdld,  page 18.
Hexadecimal  [32-Bits]

Area                                    Addr        Size        Decimal Bytes (Attributes)
--------------------------------        ----        ----        ------- ----- ------------
_DATA                               00008000    00000400 =        1024. bytes (REL,CON)

      Value  Global                              Global Defined In Module
      -----  --------------------------------   ------------------------
     00008000  _HEAP                              heap

ASxxxx Linker V03.00 + NoICE + sdld,  page 19.
Hexadecimal  [32-Bits]

Area                                    Addr        Size        Decimal Bytes (Attributes)
--------------------------------        ----        ----        ------- ----- ------------
_INITIALIZED                        00008400    00000005 =           5. bytes (REL,CON)

      Value  Global                              Global Defined In Module
      -----  --------------------------------   ------------------------
     00008400  _heap_head                         heap
     00008402  _global_base                       heap
     00008404  _is_init                           system
ASxxxx Linker V03.00 + NoICE + sdld,  page 20.

Files Linked                              [ module(s) ]

C:\z80c\crt0.rel                          [ crt0 ]
obj\Release\main.rel                      [ main ]
obj\Release\mz80_lib\src\io\pio\io_int\io.rel
                                          [ io ]
obj\Release\mz80_lib\src\io\pio\lcd\lcd.rel
                                          [ lcd ]
obj\Release\mz80_lib\src\io\sio\uart\uart.rel
                                          [ uart ]
obj\Release\mz80_lib\src\memory\alloc.rel
                                          [ alloc ]
obj\Release\mz80_lib\src\memory\heap.rel  [ heap ]
obj\Release\mz80_lib\src\memory\memcpy.rel
                                          [ memcpy ]
obj\Release\mz80_lib\src\std\stdio\printf.rel
                                          [ printf ]
obj\Release\mz80_lib\src\std\stdlib\math\div.rel
                                          [ div ]
obj\Release\mz80_lib\src\std\stdlib\string\string.rel
                                          [ string ]
obj\Release\mz80_lib\src\system\system.rel
                                          [ system ]


Libraries Linked                          [ object file ]

C:\Program Files\SDCC\bin\..\lib\z80/z80.lib
                                          [ modunsigned.rel ]
C:\Program Files\SDCC\bin\..\lib\z80/z80.lib
                                          [ divunsigned.rel ]

ASxxxx Linker V03.00 + NoICE + sdld,  page 21.

User Base Address Definitions

_CODE = 0x0200
_DATA = 0x8000

